[2022-11-24 13:40:13] local.ERROR: Undefined array key "consultantarrived" (View: /var/www/html/resources/views/admin/reports/operations/darreport/report.blade.php) {"view":{"view":"/var/www/html/resources/views/admin/reports/operations/darreport/report.blade.php","data":{"errors":"<pre class=sf-dump id=sf-dump-1622425763 data-indent-pad=\"  \"><span class=sf-dump-note>Illuminate\\Support\\ViewErrorBag</span> {<a class=sf-dump-ref>#2173</a><samp data-depth=1 class=sf-dump-expanded>
  #<span class=sf-dump-protected title=\"Protected property\">bags</span>: []
</samp>}
</pre><script>Sfdump(\"sf-dump-1622425763\", {\"maxDepth\":3,\"maxStringLength\":160})</script>
","reportData":"<pre class=sf-dump id=sf-dump-1791088813 data-indent-pad=\"  \"><span class=sf-dump-note>array:29</span> [<samp data-depth=1 class=sf-dump-expanded>
  <span class=sf-dump-key>571</span> => <span class=sf-dump-note>array:10</span> [<samp data-depth=2 class=sf-dump-compact>
    \"<span class=sf-dump-key>schedule_date</span>\" => \"<span class=sf-dump-str title=\"12 characters\">Oct 31, 2022</span>\"
    \"<span class=sf-dump-key>id</span>\" => <span class=sf-dump-num>1328</span>
    \"<span class=sf-dump-key>client_name</span>\" => \"<span class=sf-dump-str title=\"12 characters\">Sadaf Suhail</span>\"
    \"<span class=sf-dump-key>appointment_type</span>\" => \"<span class=sf-dump-str title=\"11 characters\">Consultancy</span>\"
    \"<span class=sf-dump-key>appointment_slug</span>\" => \"<span class=sf-dump-str title=\"11 characters\">consultancy</span>\"
    \"<span class=sf-dump-key>doctor_name</span>\" => \"<span class=sf-dump-str title=\"14 characters\">Dr Amman Amjad</span>\"
    \"<span class=sf-dump-key>service</span>\" => \"<span class=sf-dump-str title=\"18 characters\">Laser Hair Removal</span>\"
    \"<span class=sf-dump-key>appointment_status_parent</span>\" => \"<span class=sf-dump-str title=\"7 characters\">Pending</span>\"
    \"<span class=sf-dump-key>appointment_status_child</span>\" => \"<span class=sf-dump-str title=\"7 characters\">Pending</span>\"
    \"<span class=sf-dump-key>appointment_status_isarrived</span>\" => <span class=sf-dump-num>0</span>
  </samp>]
  <span class=sf-dump-key>925</span> => <span class=sf-dump-note>array:10</span> [<samp data-depth=2 class=sf-dump-compact>
    \"<span class=sf-dump-key>schedule_date</span>\" => \"<span class=sf-dump-str title=\"11 characters\">Nov 5, 2022</span>\"
    \"<span class=sf-dump-key>id</span>\" => <span class=sf-dump-num>1906</span>
    \"<span class=sf-dump-key>client_name</span>\" => \"<span class=sf-dump-str title=\"12 characters\">Saima Kashif</span>\"
    \"<span class=sf-dump-key>appointment_type</span>\" => \"<span class=sf-dump-str title=\"11 characters\">Consultancy</span>\"
    \"<span class=sf-dump-key>appointment_slug</span>\" => \"<span class=sf-dump-str title=\"11 characters\">consultancy</span>\"
    \"<span class=sf-dump-key>doctor_name</span>\" => \"<span class=sf-dump-str title=\"14 characters\">Dr Amman Amjad</span>\"
    \"<span class=sf-dump-key>service</span>\" => \"<span class=sf-dump-str title=\"15 characters\">Face Contouring</span>\"
    \"<span class=sf-dump-key>appointment_status_parent</span>\" => \"<span class=sf-dump-str title=\"7 characters\">Arrived</span>\"
    \"<span class=sf-dump-key>appointment_status_child</span>\" => \"<span class=sf-dump-str title=\"7 characters\">Arrived</span>\"
    \"<span class=sf-dump-key>appointment_status_isarrived</span>\" => <span class=sf-dump-num>1</span>
  </samp>]
  <span class=sf-dump-key>934</span> => <span class=sf-dump-note>array:10</span> [<samp data-depth=2 class=sf-dump-compact>
    \"<span class=sf-dump-key>schedule_date</span>\" => \"<span class=sf-dump-str title=\"12 characters\">Nov 10, 2022</span>\"
    \"<span class=sf-dump-key>id</span>\" => <span class=sf-dump-num>1910</span>
    \"<span class=sf-dump-key>client_name</span>\" => \"<span class=sf-dump-str title=\"11 characters\">Rabia Basri</span>\"
    \"<span class=sf-dump-key>appointment_type</span>\" => \"<span class=sf-dump-str title=\"11 characters\">Consultancy</span>\"
    \"<span class=sf-dump-key>appointment_slug</span>\" => \"<span class=sf-dump-str title=\"11 characters\">consultancy</span>\"
    \"<span class=sf-dump-key>doctor_name</span>\" => \"<span class=sf-dump-str title=\"14 characters\">Dr Amman Amjad</span>\"
    \"<span class=sf-dump-key>service</span>\" => \"<span class=sf-dump-str title=\"11 characters\">Hydrafacial</span>\"
    \"<span class=sf-dump-key>appointment_status_parent</span>\" => \"<span class=sf-dump-str title=\"7 characters\">Arrived</span>\"
    \"<span class=sf-dump-key>appointment_status_child</span>\" => \"<span class=sf-dump-str title=\"7 characters\">Arrived</span>\"
    \"<span class=sf-dump-key>appointment_status_isarrived</span>\" => <span class=sf-dump-num>1</span>
  </samp>]
  <span class=sf-dump-key>957</span> => <span class=sf-dump-note>array:10</span> [<samp data-depth=2 class=sf-dump-compact>
    \"<span class=sf-dump-key>schedule_date</span>\" => \"<span class=sf-dump-str title=\"12 characters\">Oct 29, 2022</span>\"
    \"<span class=sf-dump-key>id</span>\" => <span class=sf-dump-num>1945</span>
    \"<span class=sf-dump-key>client_name</span>\" => \"<span class=sf-dump-str title=\"10 characters\">3214003456</span>\"
    \"<span class=sf-dump-key>appointment_type</span>\" => \"<span class=sf-dump-str title=\"11 characters\">Consultancy</span>\"
    \"<span class=sf-dump-key>appointment_slug</span>\" => \"<span class=sf-dump-str title=\"11 characters\">consultancy</span>\"
    \"<span class=sf-dump-key>doctor_name</span>\" => \"<span class=sf-dump-str title=\"14 characters\">Dr Amman Amjad</span>\"
    \"<span class=sf-dump-key>service</span>\" => \"<span class=sf-dump-str title=\"11 characters\">Hydrafacial</span>\"
    \"<span class=sf-dump-key>appointment_status_parent</span>\" => \"<span class=sf-dump-str title=\"7 characters\">Pending</span>\"
    \"<span class=sf-dump-key>appointment_status_child</span>\" => \"<span class=sf-dump-str title=\"7 characters\">Pending</span>\"
    \"<span class=sf-dump-key>appointment_status_isarrived</span>\" => <span class=sf-dump-num>0</span>
  </samp>]
  <span class=sf-dump-key>976</span> => <span class=sf-dump-note>array:10</span> [<samp data-depth=2 class=sf-dump-compact>
    \"<span class=sf-dump-key>schedule_date</span>\" => \"<span class=sf-dump-str title=\"12 characters\">Oct 28, 2022</span>\"
    \"<span class=sf-dump-key>id</span>\" => <span class=sf-dump-num>1958</span>
    \"<span class=sf-dump-key>client_name</span>\" => \"<span class=sf-dump-str title=\"12 characters\">Rashida Raza</span>\"
    \"<span class=sf-dump-key>appointment_type</span>\" => \"<span class=sf-dump-str title=\"11 characters\">Consultancy</span>\"
    \"<span class=sf-dump-key>appointment_slug</span>\" => \"<span class=sf-dump-str title=\"11 characters\">consultancy</span>\"
    \"<span class=sf-dump-key>doctor_name</span>\" => \"<span class=sf-dump-str title=\"14 characters\">Dr Amman Amjad</span>\"
    \"<span class=sf-dump-key>service</span>\" => \"<span class=sf-dump-str title=\"15 characters\">Face Contouring</span>\"
    \"<span class=sf-dump-key>appointment_status_parent</span>\" => \"<span class=sf-dump-str title=\"7 characters\">Pending</span>\"
    \"<span class=sf-dump-key>appointment_status_child</span>\" => \"<span class=sf-dump-str title=\"7 characters\">Pending</span>\"
    \"<span class=sf-dump-key>appointment_status_isarrived</span>\" => <span class=sf-dump-num>0</span>
  </samp>]
  <span class=sf-dump-key>1023</span> => <span class=sf-dump-note>array:10</span> [<samp data-depth=2 class=sf-dump-compact>
    \"<span class=sf-dump-key>schedule_date</span>\" => \"<span class=sf-dump-str title=\"12 characters\">Oct 29, 2022</span>\"
    \"<span class=sf-dump-key>id</span>\" => <span class=sf-dump-num>2071</span>
    \"<span class=sf-dump-key>client_name</span>\" => \"<span class=sf-dump-str title=\"13 characters\">Diana Beloved</span>\"
    \"<span class=sf-dump-key>appointment_type</span>\" => \"<span class=sf-dump-str title=\"11 characters\">Consultancy</span>\"
    \"<span class=sf-dump-key>appointment_slug</span>\" => \"<span class=sf-dump-str title=\"11 characters\">consultancy</span>\"
    \"<span class=sf-dump-key>doctor_name</span>\" => \"<span class=sf-dump-str title=\"14 characters\">Dr Amman Amjad</span>\"
    \"<span class=sf-dump-key>service</span>\" => \"<span class=sf-dump-str title=\"15 characters\">Face Contouring</span>\"
    \"<span class=sf-dump-key>appointment_status_parent</span>\" => \"<span class=sf-dump-str title=\"7 characters\">Pending</span>\"
    \"<span class=sf-dump-key>appointment_status_child</span>\" => \"<span class=sf-dump-str title=\"7 characters\">Pending</span>\"
    \"<span class=sf-dump-key>appointment_status_isarrived</span>\" => <span class=sf-dump-num>0</span>
  </samp>]
  <span class=sf-dump-key>1026</span> => <span class=sf-dump-note>array:10</span> [<samp data-depth=2 class=sf-dump-compact>
    \"<span class=sf-dump-key>schedule_date</span>\" => \"<span class=sf-dump-str title=\"12 characters\">Oct 29, 2022</span>\"
    \"<span class=sf-dump-key>id</span>\" => <span class=sf-dump-num>2009</span>
    \"<span class=sf-dump-key>client_name</span>\" => \"<span class=sf-dump-str title=\"11 characters\">Salma Azfar</span>\"
    \"<span class=sf-dump-key>appointment_type</span>\" => \"<span class=sf-dump-str title=\"11 characters\">Consultancy</span>\"
    \"<span class=sf-dump-key>appointment_slug</span>\" => \"<span class=sf-dump-str title=\"11 characters\">consultancy</span>\"
    \"<span class=sf-dump-key>doctor_name</span>\" => \"<span class=sf-dump-str title=\"14 characters\">Dr Amman Amjad</span>\"
    \"<span class=sf-dump-key>service</span>\" => \"<span class=sf-dump-str title=\"15 characters\">Face Contouring</span>\"
    \"<span class=sf-dump-key>appointment_status_parent</span>\" => \"<span class=sf-dump-str title=\"7 characters\">Pending</span>\"
    \"<span class=sf-dump-key>appointment_status_child</span>\" => \"<span class=sf-dump-str title=\"7 characters\">Pending</span>\"
    \"<span class=sf-dump-key>appointment_status_isarrived</span>\" => <span class=sf-dump-num>0</span>
  </samp>]
  <span class=sf-dump-key>1028</span> => <span class=sf-dump-note>array:10</span> [<samp data-depth=2 class=sf-dump-compact>
    \"<span class=sf-dump-key>schedule_date</span>\" => \"<span class=sf-dump-str title=\"12 characters\">Oct 26, 2022</span>\"
    \"<span class=sf-dump-key>id</span>\" => <span class=sf-dump-num>2021</span>
    \"<span class=sf-dump-key>client_name</span>\" => \"<span class=sf-dump-str title=\"12 characters\">Saima Bashir</span>\"
    \"<span class=sf-dump-key>appointment_type</span>\" => \"<span class=sf-dump-str title=\"11 characters\">Consultancy</span>\"
    \"<span class=sf-dump-key>appointment_slug</span>\" => \"<span class=sf-dump-str title=\"11 characters\">consultancy</span>\"
    \"<span class=sf-dump-key>doctor_name</span>\" => \"<span class=sf-dump-str title=\"14 characters\">Dr Amman Amjad</span>\"
    \"<span class=sf-dump-key>service</span>\" => \"<span class=sf-dump-str title=\"15 characters\">Face Contouring</span>\"
    \"<span class=sf-dump-key>appointment_status_parent</span>\" => \"<span class=sf-dump-str title=\"7 characters\">Pending</span>\"
    \"<span class=sf-dump-key>appointment_status_child</span>\" => \"<span class=sf-dump-str title=\"7 characters\">Pending</span>\"
    \"<span class=sf-dump-key>appointment_status_isarrived</span>\" => <span class=sf-dump-num>0</span>
  </samp>]
  <span class=sf-dump-key>1032</span> => <span class=sf-dump-note>array:10</span> [<samp data-depth=2 class=sf-dump-compact>
    \"<span class=sf-dump-key>schedule_date</span>\" => \"<span class=sf-dump-str title=\"12 characters\">Oct 29, 2022</span>\"
    \"<span class=sf-dump-key>id</span>\" => <span class=sf-dump-num>2113</span>
    \"<span class=sf-dump-key>client_name</span>\" => \"<span class=sf-dump-str title=\"12 characters\">Ramis Yaqoob</span>\"
    \"<span class=sf-dump-key>appointment_type</span>\" => \"<span class=sf-dump-str title=\"11 characters\">Consultancy</span>\"
    \"<span class=sf-dump-key>appointment_slug</span>\" => \"<span class=sf-dump-str title=\"11 characters\">consultancy</span>\"
    \"<span class=sf-dump-key>doctor_name</span>\" => \"<span class=sf-dump-str title=\"14 characters\">Dr Amman Amjad</span>\"
    \"<span class=sf-dump-key>service</span>\" => \"<span class=sf-dump-str title=\"11 characters\">Hydrafacial</span>\"
    \"<span class=sf-dump-key>appointment_status_parent</span>\" => \"<span class=sf-dump-str title=\"7 characters\">Pending</span>\"
    \"<span class=sf-dump-key>appointment_status_child</span>\" => \"<span class=sf-dump-str title=\"7 characters\">Pending</span>\"
    \"<span class=sf-dump-key>appointment_status_isarrived</span>\" => <span class=sf-dump-num>0</span>
  </samp>]
  <span class=sf-dump-key>1044</span> => <span class=sf-dump-note>array:10</span> [<samp data-depth=2 class=sf-dump-compact>
    \"<span class=sf-dump-key>schedule_date</span>\" => \"<span class=sf-dump-str title=\"12 characters\">Oct 28, 2022</span>\"
    \"<span class=sf-dump-key>id</span>\" => <span class=sf-dump-num>2173</span>
    \"<span class=sf-dump-key>client_name</span>\" => \"<span class=sf-dump-str title=\"11 characters\">Mona Yousaf</span>\"
    \"<span class=sf-dump-key>appointment_type</span>\" => \"<span class=sf-dump-str title=\"11 characters\">Consultancy</span>\"
    \"<span class=sf-dump-key>appointment_slug</span>\" => \"<span class=sf-dump-str title=\"11 characters\">consultancy</span>\"
    \"<span class=sf-dump-key>doctor_name</span>\" => \"<span class=sf-dump-str title=\"14 characters\">Dr Amman Amjad</span>\"
    \"<span class=sf-dump-key>service</span>\" => \"<span class=sf-dump-str title=\"11 characters\">Hydrafacial</span>\"
    \"<span class=sf-dump-key>appointment_status_parent</span>\" => \"<span class=sf-dump-str title=\"7 characters\">Pending</span>\"
    \"<span class=sf-dump-key>appointment_status_child</span>\" => \"<span class=sf-dump-str title=\"7 characters\">Pending</span>\"
    \"<span class=sf-dump-key>appointment_status_isarrived</span>\" => <span class=sf-dump-num>0</span>
  </samp>]
  <span class=sf-dump-key>1057</span> => <span class=sf-dump-note>array:10</span> [<samp data-depth=2 class=sf-dump-compact>
    \"<span class=sf-dump-key>schedule_date</span>\" => \"<span class=sf-dump-str title=\"12 characters\">Oct 29, 2022</span>\"
    \"<span class=sf-dump-key>id</span>\" => <span class=sf-dump-num>2118</span>
    \"<span class=sf-dump-key>client_name</span>\" => \"<span class=sf-dump-str title=\"8 characters\">MK Bajwa</span>\"
    \"<span class=sf-dump-key>appointment_type</span>\" => \"<span class=sf-dump-str title=\"11 characters\">Consultancy</span>\"
    \"<span class=sf-dump-key>appointment_slug</span>\" => \"<span class=sf-dump-str title=\"11 characters\">consultancy</span>\"
    \"<span class=sf-dump-key>doctor_name</span>\" => \"<span class=sf-dump-str title=\"14 characters\">Dr Amman Amjad</span>\"
    \"<span class=sf-dump-key>service</span>\" => \"<span class=sf-dump-str title=\"18 characters\">Laser Hair Removal</span>\"
    \"<span class=sf-dump-key>appointment_status_parent</span>\" => \"<span class=sf-dump-str title=\"7 characters\">Pending</span>\"
    \"<span class=sf-dump-key>appointment_status_child</span>\" => \"<span class=sf-dump-str title=\"7 characters\">Pending</span>\"
    \"<span class=sf-dump-key>appointment_status_isarrived</span>\" => <span class=sf-dump-num>0</span>
  </samp>]
  <span class=sf-dump-key>1071</span> => <span class=sf-dump-note>array:10</span> [<samp data-depth=2 class=sf-dump-compact>
    \"<span class=sf-dump-key>schedule_date</span>\" => \"<span class=sf-dump-str title=\"12 characters\">Oct 26, 2022</span>\"
    \"<span class=sf-dump-key>id</span>\" => <span class=sf-dump-num>2001</span>
    \"<span class=sf-dump-key>client_name</span>\" => \"<span class=sf-dump-str title=\"11 characters\">Bulbul Khan</span>\"
    \"<span class=sf-dump-key>appointment_type</span>\" => \"<span class=sf-dump-str title=\"11 characters\">Consultancy</span>\"
    \"<span class=sf-dump-key>appointment_slug</span>\" => \"<span class=sf-dump-str title=\"11 characters\">consultancy</span>\"
    \"<span class=sf-dump-key>doctor_name</span>\" => \"<span class=sf-dump-str title=\"14 characters\">Dr Amman Amjad</span>\"
    \"<span class=sf-dump-key>service</span>\" => \"<span class=sf-dump-str title=\"18 characters\">Laser Hair Removal</span>\"
    \"<span class=sf-dump-key>appointment_status_parent</span>\" => \"<span class=sf-dump-str title=\"7 characters\">Pending</span>\"
    \"<span class=sf-dump-key>appointment_status_child</span>\" => \"<span class=sf-dump-str title=\"7 characters\">Pending</span>\"
    \"<span class=sf-dump-key>appointment_status_isarrived</span>\" => <span class=sf-dump-num>0</span>
  </samp>]
  <span class=sf-dump-key>1076</span> => <span class=sf-dump-note>array:10</span> [<samp data-depth=2 class=sf-dump-compact>
    \"<span class=sf-dump-key>schedule_date</span>\" => \"<span class=sf-dump-str title=\"12 characters\">Oct 26, 2022</span>\"
    \"<span class=sf-dump-key>id</span>\" => <span class=sf-dump-num>2125</span>
    \"<span class=sf-dump-key>client_name</span>\" => \"<span class=sf-dump-str title=\"14 characters\">Naqeeb Sherzad</span>\"
    \"<span class=sf-dump-key>appointment_type</span>\" => \"<span class=sf-dump-str title=\"11 characters\">Consultancy</span>\"
    \"<span class=sf-dump-key>appointment_slug</span>\" => \"<span class=sf-dump-str title=\"11 characters\">consultancy</span>\"
    \"<span class=sf-dump-key>doctor_name</span>\" => \"<span class=sf-dump-str title=\"13 characters\">Dr Zakia Noor</span>\"
    \"<span class=sf-dump-key>service</span>\" => \"<span class=sf-dump-str title=\"18 characters\">Laser Hair Removal</span>\"
    \"<span class=sf-dump-key>appointment_status_parent</span>\" => \"<span class=sf-dump-str title=\"7 characters\">Pending</span>\"
    \"<span class=sf-dump-key>appointment_status_child</span>\" => \"<span class=sf-dump-str title=\"7 characters\">Pending</span>\"
    \"<span class=sf-dump-key>appointment_status_isarrived</span>\" => <span class=sf-dump-num>0</span>
  </samp>]
  <span class=sf-dump-key>1084</span> => <span class=sf-dump-note>array:10</span> [<samp data-depth=2 class=sf-dump-compact>
    \"<span class=sf-dump-key>schedule_date</span>\" => \"<span class=sf-dump-str title=\"12 characters\">Oct 29, 2022</span>\"
    \"<span class=sf-dump-key>id</span>\" => <span class=sf-dump-num>2188</span>
    \"<span class=sf-dump-key>client_name</span>\" => \"<span class=sf-dump-str title=\"13 characters\">Faique Bhatti</span>\"
    \"<span class=sf-dump-key>appointment_type</span>\" => \"<span class=sf-dump-str title=\"11 characters\">Consultancy</span>\"
    \"<span class=sf-dump-key>appointment_slug</span>\" => \"<span class=sf-dump-str title=\"11 characters\">consultancy</span>\"
    \"<span class=sf-dump-key>doctor_name</span>\" => \"<span class=sf-dump-str title=\"13 characters\">Dr Zakia Noor</span>\"
    \"<span class=sf-dump-key>service</span>\" => \"<span class=sf-dump-str title=\"18 characters\">Laser Hair Removal</span>\"
    \"<span class=sf-dump-key>appointment_status_parent</span>\" => \"<span class=sf-dump-str title=\"7 characters\">Pending</span>\"
    \"<span class=sf-dump-key>appointment_status_child</span>\" => \"<span class=sf-dump-str title=\"7 characters\">Pending</span>\"
    \"<span class=sf-dump-key>appointment_status_isarrived</span>\" => <span class=sf-dump-num>0</span>
  </samp>]
  <span class=sf-dump-key>1100</span> => <span class=sf-dump-note>array:10</span> [<samp data-depth=2 class=sf-dump-compact>
    \"<span class=sf-dump-key>schedule_date</span>\" => \"<span class=sf-dump-str title=\"12 characters\">Oct 26, 2022</span>\"
    \"<span class=sf-dump-key>id</span>\" => <span class=sf-dump-num>2195</span>
    \"<span class=sf-dump-key>client_name</span>\" => \"<span class=sf-dump-str title=\"15 characters\">Dr Kulsoom Zara</span>\"
    \"<span class=sf-dump-key>appointment_type</span>\" => \"<span class=sf-dump-str title=\"11 characters\">Consultancy</span>\"
    \"<span class=sf-dump-key>appointment_slug</span>\" => \"<span class=sf-dump-str title=\"11 characters\">consultancy</span>\"
    \"<span class=sf-dump-key>doctor_name</span>\" => \"<span class=sf-dump-str title=\"14 characters\">Dr Amman Amjad</span>\"
    \"<span class=sf-dump-key>service</span>\" => \"<span class=sf-dump-str title=\"14 characters\">Body Sculpting</span>\"
    \"<span class=sf-dump-key>appointment_status_parent</span>\" => \"<span class=sf-dump-str title=\"7 characters\">Pending</span>\"
    \"<span class=sf-dump-key>appointment_status_child</span>\" => \"<span class=sf-dump-str title=\"7 characters\">Pending</span>\"
    \"<span class=sf-dump-key>appointment_status_isarrived</span>\" => <span class=sf-dump-num>0</span>
  </samp>]
  <span class=sf-dump-key>1103</span> => <span class=sf-dump-note>array:10</span> [<samp data-depth=2 class=sf-dump-compact>
    \"<span class=sf-dump-key>schedule_date</span>\" => \"<span class=sf-dump-str title=\"12 characters\">Oct 28, 2022</span>\"
    \"<span class=sf-dump-key>id</span>\" => <span class=sf-dump-num>2308</span>
    \"<span class=sf-dump-key>client_name</span>\" => \"<span class=sf-dump-str title=\"11 characters\">Faiza Javed</span>\"
    \"<span class=sf-dump-key>appointment_type</span>\" => \"<span class=sf-dump-str title=\"11 characters\">Consultancy</span>\"
    \"<span class=sf-dump-key>appointment_slug</span>\" => \"<span class=sf-dump-str title=\"11 characters\">consultancy</span>\"
    \"<span class=sf-dump-key>doctor_name</span>\" => \"<span class=sf-dump-str title=\"13 characters\">Dr Zakia Noor</span>\"
    \"<span class=sf-dump-key>service</span>\" => \"<span class=sf-dump-str title=\"18 characters\">Laser Hair Removal</span>\"
    \"<span class=sf-dump-key>appointment_status_parent</span>\" => \"<span class=sf-dump-str title=\"7 characters\">Pending</span>\"
    \"<span class=sf-dump-key>appointment_status_child</span>\" => \"<span class=sf-dump-str title=\"7 characters\">Pending</span>\"
    \"<span class=sf-dump-key>appointment_status_isarrived</span>\" => <span class=sf-dump-num>0</span>
  </samp>]
  <span class=sf-dump-key>1111</span> => <span class=sf-dump-note>array:10</span> [<samp data-depth=2 class=sf-dump-compact>
    \"<span class=sf-dump-key>schedule_date</span>\" => \"<span class=sf-dump-str title=\"12 characters\">Oct 27, 2022</span>\"
    \"<span class=sf-dump-key>id</span>\" => <span class=sf-dump-num>2310</span>
    \"<span class=sf-dump-key>client_name</span>\" => \"<span class=sf-dump-str title=\"11 characters\">Maleeka Ali</span>\"
    \"<span class=sf-dump-key>appointment_type</span>\" => \"<span class=sf-dump-str title=\"11 characters\">Consultancy</span>\"
    \"<span class=sf-dump-key>appointment_slug</span>\" => \"<span class=sf-dump-str title=\"11 characters\">consultancy</span>\"
    \"<span class=sf-dump-key>doctor_name</span>\" => \"<span class=sf-dump-str title=\"14 characters\">Dr Amman Amjad</span>\"
    \"<span class=sf-dump-key>service</span>\" => \"<span class=sf-dump-str title=\"11 characters\">Hydrafacial</span>\"
    \"<span class=sf-dump-key>appointment_status_parent</span>\" => \"<span class=sf-dump-str title=\"7 characters\">Pending</span>\"
    \"<span class=sf-dump-key>appointment_status_child</span>\" => \"<span class=sf-dump-str title=\"7 characters\">Pending</span>\"
    \"<span class=sf-dump-key>appointment_status_isarrived</span>\" => <span class=sf-dump-num>0</span>
  </samp>]
  <span class=sf-dump-key>1119</span> => <span class=sf-dump-note>array:10</span> [<samp data-depth=2 class=sf-dump-compact>
    \"<span class=sf-dump-key>schedule_date</span>\" => \"<span class=sf-dump-str title=\"12 characters\">Oct 27, 2022</span>\"
    \"<span class=sf-dump-key>id</span>\" => <span class=sf-dump-num>2234</span>
    \"<span class=sf-dump-key>client_name</span>\" => \"<span class=sf-dump-str title=\"13 characters\">Hejab Shehzad</span>\"
    \"<span class=sf-dump-key>appointment_type</span>\" => \"<span class=sf-dump-str title=\"11 characters\">Consultancy</span>\"
    \"<span class=sf-dump-key>appointment_slug</span>\" => \"<span class=sf-dump-str title=\"11 characters\">consultancy</span>\"
    \"<span class=sf-dump-key>doctor_name</span>\" => \"<span class=sf-dump-str title=\"14 characters\">Dr Amman Amjad</span>\"
    \"<span class=sf-dump-key>service</span>\" => \"<span class=sf-dump-str title=\"18 characters\">Laser Hair Removal</span>\"
    \"<span class=sf-dump-key>appointment_status_parent</span>\" => \"<span class=sf-dump-str title=\"7 characters\">Pending</span>\"
    \"<span class=sf-dump-key>appointment_status_child</span>\" => \"<span class=sf-dump-str title=\"7 characters\">Pending</span>\"
    \"<span class=sf-dump-key>appointment_status_isarrived</span>\" => <span class=sf-dump-num>0</span>
  </samp>]
  <span class=sf-dump-key>1129</span> => <span class=sf-dump-note>array:10</span> [<samp data-depth=2 class=sf-dump-compact>
    \"<span class=sf-dump-key>schedule_date</span>\" => \"<span class=sf-dump-str title=\"12 characters\">Oct 29, 2022</span>\"
    \"<span class=sf-dump-key>id</span>\" => <span class=sf-dump-num>2314</span>
    \"<span class=sf-dump-key>client_name</span>\" => \"<span class=sf-dump-str title=\"15 characters\">Benish Muzaffar</span>\"
    \"<span class=sf-dump-key>appointment_type</span>\" => \"<span class=sf-dump-str title=\"11 characters\">Consultancy</span>\"
    \"<span class=sf-dump-key>appointment_slug</span>\" => \"<span class=sf-dump-str title=\"11 characters\">consultancy</span>\"
    \"<span class=sf-dump-key>doctor_name</span>\" => \"<span class=sf-dump-str title=\"13 characters\">Dr Zakia Noor</span>\"
    \"<span class=sf-dump-key>service</span>\" => \"<span class=sf-dump-str title=\"18 characters\">Laser Hair Removal</span>\"
    \"<span class=sf-dump-key>appointment_status_parent</span>\" => \"<span class=sf-dump-str title=\"7 characters\">Pending</span>\"
    \"<span class=sf-dump-key>appointment_status_child</span>\" => \"<span class=sf-dump-str title=\"7 characters\">Pending</span>\"
    \"<span class=sf-dump-key>appointment_status_isarrived</span>\" => <span class=sf-dump-num>0</span>
  </samp>]
  <span class=sf-dump-key>1130</span> => <span class=sf-dump-note>array:10</span> [<samp data-depth=2 class=sf-dump-compact>
    \"<span class=sf-dump-key>schedule_date</span>\" => \"<span class=sf-dump-str title=\"12 characters\">Oct 26, 2022</span>\"
    \"<span class=sf-dump-key>id</span>\" => <span class=sf-dump-num>2315</span>
    \"<span class=sf-dump-key>client_name</span>\" => \"<span class=sf-dump-str title=\"14 characters\">Mubashra Kiran</span>\"
    \"<span class=sf-dump-key>appointment_type</span>\" => \"<span class=sf-dump-str title=\"11 characters\">Consultancy</span>\"
    \"<span class=sf-dump-key>appointment_slug</span>\" => \"<span class=sf-dump-str title=\"11 characters\">consultancy</span>\"
    \"<span class=sf-dump-key>doctor_name</span>\" => \"<span class=sf-dump-str title=\"14 characters\">Dr Amman Amjad</span>\"
    \"<span class=sf-dump-key>service</span>\" => \"<span class=sf-dump-str title=\"15 characters\">Face Contouring</span>\"
    \"<span class=sf-dump-key>appointment_status_parent</span>\" => \"<span class=sf-dump-str title=\"7 characters\">Pending</span>\"
    \"<span class=sf-dump-key>appointment_status_child</span>\" => \"<span class=sf-dump-str title=\"7 characters\">Pending</span>\"
    \"<span class=sf-dump-key>appointment_status_isarrived</span>\" => <span class=sf-dump-num>0</span>
  </samp>]
  <span class=sf-dump-key>1131</span> => <span class=sf-dump-note>array:10</span> [<samp data-depth=2 class=sf-dump-compact>
    \"<span class=sf-dump-key>schedule_date</span>\" => \"<span class=sf-dump-str title=\"11 characters\">Nov 3, 2022</span>\"
    \"<span class=sf-dump-key>id</span>\" => <span class=sf-dump-num>2321</span>
    \"<span class=sf-dump-key>client_name</span>\" => \"<span class=sf-dump-str title=\"11 characters\">rizwan test</span>\"
    \"<span class=sf-dump-key>appointment_type</span>\" => \"<span class=sf-dump-str title=\"11 characters\">Consultancy</span>\"
    \"<span class=sf-dump-key>appointment_slug</span>\" => \"<span class=sf-dump-str title=\"11 characters\">consultancy</span>\"
    \"<span class=sf-dump-key>doctor_name</span>\" => \"<span class=sf-dump-str title=\"14 characters\">Dr Amman Amjad</span>\"
    \"<span class=sf-dump-key>service</span>\" => \"<span class=sf-dump-str title=\"11 characters\">Hydrafacial</span>\"
    \"<span class=sf-dump-key>appointment_status_parent</span>\" => \"<span class=sf-dump-str title=\"7 characters\">Arrived</span>\"
    \"<span class=sf-dump-key>appointment_status_child</span>\" => \"<span class=sf-dump-str title=\"7 characters\">Arrived</span>\"
    \"<span class=sf-dump-key>appointment_status_isarrived</span>\" => <span class=sf-dump-num>1</span>
  </samp>]
  <span class=sf-dump-key>1137</span> => <span class=sf-dump-note>array:10</span> [<samp data-depth=2 class=sf-dump-compact>
    \"<span class=sf-dump-key>schedule_date</span>\" => \"<span class=sf-dump-str title=\"11 characters\">Nov 4, 2022</span>\"
    \"<span class=sf-dump-key>id</span>\" => <span class=sf-dump-num>2319</span>
    \"<span class=sf-dump-key>client_name</span>\" => \"<span class=sf-dump-str title=\"7 characters\">gulraiz</span>\"
    \"<span class=sf-dump-key>appointment_type</span>\" => \"<span class=sf-dump-str title=\"11 characters\">Consultancy</span>\"
    \"<span class=sf-dump-key>appointment_slug</span>\" => \"<span class=sf-dump-str title=\"11 characters\">consultancy</span>\"
    \"<span class=sf-dump-key>doctor_name</span>\" => \"<span class=sf-dump-str title=\"14 characters\">Dr Amman Amjad</span>\"
    \"<span class=sf-dump-key>service</span>\" => \"<span class=sf-dump-str title=\"14 characters\">Chemical Peels</span>\"
    \"<span class=sf-dump-key>appointment_status_parent</span>\" => \"<span class=sf-dump-str title=\"7 characters\">Arrived</span>\"
    \"<span class=sf-dump-key>appointment_status_child</span>\" => \"<span class=sf-dump-str title=\"7 characters\">Arrived</span>\"
    \"<span class=sf-dump-key>appointment_status_isarrived</span>\" => <span class=sf-dump-num>1</span>
  </samp>]
  <span class=sf-dump-key>1138</span> => <span class=sf-dump-note>array:10</span> [<samp data-depth=2 class=sf-dump-compact>
    \"<span class=sf-dump-key>schedule_date</span>\" => \"<span class=sf-dump-str title=\"11 characters\">Nov 4, 2022</span>\"
    \"<span class=sf-dump-key>id</span>\" => <span class=sf-dump-num>2321</span>
    \"<span class=sf-dump-key>client_name</span>\" => \"<span class=sf-dump-str title=\"11 characters\">rizwan test</span>\"
    \"<span class=sf-dump-key>appointment_type</span>\" => \"<span class=sf-dump-str title=\"11 characters\">Consultancy</span>\"
    \"<span class=sf-dump-key>appointment_slug</span>\" => \"<span class=sf-dump-str title=\"11 characters\">consultancy</span>\"
    \"<span class=sf-dump-key>doctor_name</span>\" => \"<span class=sf-dump-str title=\"14 characters\">Dr Amman Amjad</span>\"
    \"<span class=sf-dump-key>service</span>\" => \"<span class=sf-dump-str title=\"11 characters\">Hydrafacial</span>\"
    \"<span class=sf-dump-key>appointment_status_parent</span>\" => \"<span class=sf-dump-str title=\"7 characters\">Pending</span>\"
    \"<span class=sf-dump-key>appointment_status_child</span>\" => \"<span class=sf-dump-str title=\"7 characters\">Pending</span>\"
    \"<span class=sf-dump-key>appointment_status_isarrived</span>\" => <span class=sf-dump-num>0</span>
  </samp>]
  <span class=sf-dump-key>1140</span> => <span class=sf-dump-note>array:10</span> [<samp data-depth=2 class=sf-dump-compact>
    \"<span class=sf-dump-key>schedule_date</span>\" => \"<span class=sf-dump-str title=\"11 characters\">Nov 7, 2022</span>\"
    \"<span class=sf-dump-key>id</span>\" => <span class=sf-dump-num>2326</span>
    \"<span class=sf-dump-key>client_name</span>\" => \"<span class=sf-dump-str title=\"13 characters\">rizwan test 2</span>\"
    \"<span class=sf-dump-key>appointment_type</span>\" => \"<span class=sf-dump-str title=\"11 characters\">Consultancy</span>\"
    \"<span class=sf-dump-key>appointment_slug</span>\" => \"<span class=sf-dump-str title=\"11 characters\">consultancy</span>\"
    \"<span class=sf-dump-key>doctor_name</span>\" => \"<span class=sf-dump-str title=\"6 characters\">rizwan</span>\"
    \"<span class=sf-dump-key>service</span>\" => \"<span class=sf-dump-str title=\"15 characters\">Face Contouring</span>\"
    \"<span class=sf-dump-key>appointment_status_parent</span>\" => \"<span class=sf-dump-str title=\"7 characters\">Pending</span>\"
    \"<span class=sf-dump-key>appointment_status_child</span>\" => \"<span class=sf-dump-str title=\"7 characters\">Pending</span>\"
    \"<span class=sf-dump-key>appointment_status_isarrived</span>\" => <span class=sf-dump-num>0</span>
  </samp>]
  <span class=sf-dump-key>1141</span> => <span class=sf-dump-note>array:10</span> [<samp data-depth=2 class=sf-dump-compact>
    \"<span class=sf-dump-key>schedule_date</span>\" => \"<span class=sf-dump-str title=\"11 characters\">Nov 8, 2022</span>\"
    \"<span class=sf-dump-key>id</span>\" => <span class=sf-dump-num>2321</span>
    \"<span class=sf-dump-key>client_name</span>\" => \"<span class=sf-dump-str title=\"11 characters\">rizwan test</span>\"
    \"<span class=sf-dump-key>appointment_type</span>\" => \"<span class=sf-dump-str title=\"11 characters\">Consultancy</span>\"
    \"<span class=sf-dump-key>appointment_slug</span>\" => \"<span class=sf-dump-str title=\"11 characters\">consultancy</span>\"
    \"<span class=sf-dump-key>doctor_name</span>\" => \"<span class=sf-dump-str title=\"6 characters\">rizwan</span>\"
    \"<span class=sf-dump-key>service</span>\" => \"<span class=sf-dump-str title=\"11 characters\">Hydrafacial</span>\"
    \"<span class=sf-dump-key>appointment_status_parent</span>\" => \"<span class=sf-dump-str title=\"7 characters\">Pending</span>\"
    \"<span class=sf-dump-key>appointment_status_child</span>\" => \"<span class=sf-dump-str title=\"7 characters\">Pending</span>\"
    \"<span class=sf-dump-key>appointment_status_isarrived</span>\" => <span class=sf-dump-num>0</span>
  </samp>]
  <span class=sf-dump-key>1142</span> => <span class=sf-dump-note>array:10</span> [<samp data-depth=2 class=sf-dump-compact>
    \"<span class=sf-dump-key>schedule_date</span>\" => \"<span class=sf-dump-str title=\"11 characters\">Nov 7, 2022</span>\"
    \"<span class=sf-dump-key>id</span>\" => <span class=sf-dump-num>2327</span>
    \"<span class=sf-dump-key>client_name</span>\" => \"<span class=sf-dump-str title=\"8 characters\">riz test</span>\"
    \"<span class=sf-dump-key>appointment_type</span>\" => \"<span class=sf-dump-str title=\"11 characters\">Consultancy</span>\"
    \"<span class=sf-dump-key>appointment_slug</span>\" => \"<span class=sf-dump-str title=\"11 characters\">consultancy</span>\"
    \"<span class=sf-dump-key>doctor_name</span>\" => \"<span class=sf-dump-str title=\"6 characters\">rizwan</span>\"
    \"<span class=sf-dump-key>service</span>\" => \"<span class=sf-dump-str title=\"11 characters\">Mesotherapy</span>\"
    \"<span class=sf-dump-key>appointment_status_parent</span>\" => \"<span class=sf-dump-str title=\"7 characters\">Pending</span>\"
    \"<span class=sf-dump-key>appointment_status_child</span>\" => \"<span class=sf-dump-str title=\"7 characters\">Pending</span>\"
    \"<span class=sf-dump-key>appointment_status_isarrived</span>\" => <span class=sf-dump-num>0</span>
  </samp>]
  <span class=sf-dump-key>1143</span> => <span class=sf-dump-note>array:10</span> [<samp data-depth=2 class=sf-dump-compact>
    \"<span class=sf-dump-key>schedule_date</span>\" => \"<span class=sf-dump-str title=\"11 characters\">Nov 7, 2022</span>\"
    \"<span class=sf-dump-key>id</span>\" => <span class=sf-dump-num>2321</span>
    \"<span class=sf-dump-key>client_name</span>\" => \"<span class=sf-dump-str title=\"11 characters\">rizwan test</span>\"
    \"<span class=sf-dump-key>appointment_type</span>\" => \"<span class=sf-dump-str title=\"11 characters\">Consultancy</span>\"
    \"<span class=sf-dump-key>appointment_slug</span>\" => \"<span class=sf-dump-str title=\"11 characters\">consultancy</span>\"
    \"<span class=sf-dump-key>doctor_name</span>\" => \"<span class=sf-dump-str title=\"6 characters\">rizwan</span>\"
    \"<span class=sf-dump-key>service</span>\" => \"<span class=sf-dump-str title=\"14 characters\">Body Sculpting</span>\"
    \"<span class=sf-dump-key>appointment_status_parent</span>\" => \"<span class=sf-dump-str title=\"7 characters\">Pending</span>\"
    \"<span class=sf-dump-key>appointment_status_child</span>\" => \"<span class=sf-dump-str title=\"7 characters\">Pending</span>\"
    \"<span class=sf-dump-key>appointment_status_isarrived</span>\" => <span class=sf-dump-num>0</span>
  </samp>]
  <span class=sf-dump-key>1144</span> => <span class=sf-dump-note>array:10</span> [<samp data-depth=2 class=sf-dump-compact>
    \"<span class=sf-dump-key>schedule_date</span>\" => \"<span class=sf-dump-str title=\"11 characters\">Nov 7, 2022</span>\"
    \"<span class=sf-dump-key>id</span>\" => <span class=sf-dump-num>2321</span>
    \"<span class=sf-dump-key>client_name</span>\" => \"<span class=sf-dump-str title=\"11 characters\">rizwan test</span>\"
    \"<span class=sf-dump-key>appointment_type</span>\" => \"<span class=sf-dump-str title=\"11 characters\">Consultancy</span>\"
    \"<span class=sf-dump-key>appointment_slug</span>\" => \"<span class=sf-dump-str title=\"11 characters\">consultancy</span>\"
    \"<span class=sf-dump-key>doctor_name</span>\" => \"<span class=sf-dump-str title=\"6 characters\">rizwan</span>\"
    \"<span class=sf-dump-key>service</span>\" => \"<span class=sf-dump-str title=\"11 characters\">Glutathione</span>\"
    \"<span class=sf-dump-key>appointment_status_parent</span>\" => \"<span class=sf-dump-str title=\"7 characters\">Pending</span>\"
    \"<span class=sf-dump-key>appointment_status_child</span>\" => \"<span class=sf-dump-str title=\"7 characters\">Pending</span>\"
    \"<span class=sf-dump-key>appointment_status_isarrived</span>\" => <span class=sf-dump-num>0</span>
  </samp>]
  <span class=sf-dump-key>1154</span> => <span class=sf-dump-note>array:10</span> [<samp data-depth=2 class=sf-dump-compact>
    \"<span class=sf-dump-key>schedule_date</span>\" => \"<span class=sf-dump-str title=\"12 characters\">Nov 11, 2022</span>\"
    \"<span class=sf-dump-key>id</span>\" => <span class=sf-dump-num>2326</span>
    \"<span class=sf-dump-key>client_name</span>\" => \"<span class=sf-dump-str title=\"13 characters\">rizwan test 2</span>\"
    \"<span class=sf-dump-key>appointment_type</span>\" => \"<span class=sf-dump-str title=\"11 characters\">Consultancy</span>\"
    \"<span class=sf-dump-key>appointment_slug</span>\" => \"<span class=sf-dump-str title=\"11 characters\">consultancy</span>\"
    \"<span class=sf-dump-key>doctor_name</span>\" => \"<span class=sf-dump-str title=\"14 characters\">Dr Amman Amjad</span>\"
    \"<span class=sf-dump-key>service</span>\" => \"<span class=sf-dump-str title=\"14 characters\">Chemical Peels</span>\"
    \"<span class=sf-dump-key>appointment_status_parent</span>\" => \"<span class=sf-dump-str title=\"7 characters\">Pending</span>\"
    \"<span class=sf-dump-key>appointment_status_child</span>\" => \"<span class=sf-dump-str title=\"7 characters\">Pending</span>\"
    \"<span class=sf-dump-key>appointment_status_isarrived</span>\" => <span class=sf-dump-num>0</span>
  </samp>]
</samp>]
</pre><script>Sfdump(\"sf-dump-1791088813\", {\"maxDepth\":3,\"maxStringLength\":160})</script>
","newtreatment":"<pre class=sf-dump id=sf-dump-1846802020 data-indent-pad=\"  \"><span class=sf-dump-num>0</span>
</pre><script>Sfdump(\"sf-dump-1846802020\", {\"maxDepth\":3,\"maxStringLength\":160})</script>
","newconsultant":"<pre class=sf-dump id=sf-dump-1360459781 data-indent-pad=\"  \"><span class=sf-dump-num>0</span>
</pre><script>Sfdump(\"sf-dump-1360459781\", {\"maxDepth\":3,\"maxStringLength\":160})</script>
","start_date":"<pre class=sf-dump id=sf-dump-1210807493 data-indent-pad=\"  \">\"<span class=sf-dump-str title=\"10 characters\">2022-10-26</span>\"
</pre><script>Sfdump(\"sf-dump-1210807493\", {\"maxDepth\":3,\"maxStringLength\":160})</script>
","end_date":"<pre class=sf-dump id=sf-dump-2134781671 data-indent-pad=\"  \">\"<span class=sf-dump-str title=\"10 characters\">2022-11-24</span>\"
</pre><script>Sfdump(\"sf-dump-2134781671\", {\"maxDepth\":3,\"maxStringLength\":160})</script>
","locationData":"<pre class=sf-dump id=sf-dump-1772632283 data-indent-pad=\"  \"><span class=sf-dump-note>array:2</span> [<samp data-depth=1 class=sf-dump-expanded>
  \"<span class=sf-dump-key>SMART, DHA5</span>\" => <span class=sf-dump-note>array:3</span> [<samp data-depth=2 class=sf-dump-compact>
    \"<span class=sf-dump-key>consultantbooked</span>\" => <span class=sf-dump-num>25</span>
    \"<span class=sf-dump-key>consultantarrived</span>\" => <span class=sf-dump-num>4</span>
    \"<span class=sf-dump-key>walking</span>\" => <span class=sf-dump-num>0</span>
  </samp>]
  \"<span class=sf-dump-key>CUTERA, JT Lahore</span>\" => <span class=sf-dump-note>array:1</span> [<samp data-depth=2 class=sf-dump-compact>
    \"<span class=sf-dump-key>consultantbooked</span>\" => <span class=sf-dump-num>4</span>
  </samp>]
</samp>]
</pre><script>Sfdump(\"sf-dump-1772632283\", {\"maxDepth\":3,\"maxStringLength\":160})</script>
"}},"userId":2320,"exception":"[object] (Facade\\Ignition\\Exceptions\\ViewException(code: 0): Undefined array key \"consultantarrived\" (View: /var/www/html/resources/views/admin/reports/operations/darreport/report.blade.php) at /var/www/html/resources/views/admin/reports/operations/darreport/report.blade.php:113)
[stacktrace]
#0 /var/www/html/resources/views/admin/reports/operations/darreport/report.blade.php(113): Illuminate\\Foundation\\Bootstrap\\HandleExceptions->handleError()
#1 /var/www/html/vendor/laravel/framework/src/Illuminate/Filesystem/Filesystem.php(107): require('...')
#2 /var/www/html/vendor/laravel/framework/src/Illuminate/Filesystem/Filesystem.php(108): Illuminate\\Filesystem\\Filesystem::Illuminate\\Filesystem\\{closure}()
#3 /var/www/html/vendor/laravel/framework/src/Illuminate/View/Engines/PhpEngine.php(58): Illuminate\\Filesystem\\Filesystem->getRequire()
#4 /var/www/html/vendor/laravel/framework/src/Illuminate/View/Engines/CompilerEngine.php(61): Illuminate\\View\\Engines\\PhpEngine->evaluatePath()
#5 /var/www/html/vendor/facade/ignition/src/Views/Engines/CompilerEngine.php(37): Illuminate\\View\\Engines\\CompilerEngine->get()
#6 /var/www/html/vendor/laravel/framework/src/Illuminate/View/View.php(139): Facade\\Ignition\\Views\\Engines\\CompilerEngine->get()
#7 /var/www/html/vendor/laravel/framework/src/Illuminate/View/View.php(122): Illuminate\\View\\View->getContents()
#8 /var/www/html/vendor/laravel/framework/src/Illuminate/View/View.php(91): Illuminate\\View\\View->renderContents()
#9 /var/www/html/vendor/laravel/framework/src/Illuminate/Http/Response.php(69): Illuminate\\View\\View->render()
#10 /var/www/html/vendor/laravel/framework/src/Illuminate/Http/Response.php(35): Illuminate\\Http\\Response->setContent()
#11 /var/www/html/vendor/laravel/framework/src/Illuminate/Routing/Router.php(820): Illuminate\\Http\\Response->__construct()
#12 /var/www/html/vendor/laravel/framework/src/Illuminate/Routing/Router.php(789): Illuminate\\Routing\\Router::toResponse()
#13 /var/www/html/vendor/laravel/framework/src/Illuminate/Routing/Router.php(721): Illuminate\\Routing\\Router->prepareResponse()
#14 /var/www/html/vendor/laravel/framework/src/Illuminate/Pipeline/Pipeline.php(128): Illuminate\\Routing\\Router->Illuminate\\Routing\\{closure}()
#15 /var/www/html/app/Http/Middleware/CheckAccountStatus.php(20): Illuminate\\Pipeline\\Pipeline->Illuminate\\Pipeline\\{closure}()
#16 /var/www/html/vendor/laravel/framework/src/Illuminate/Pipeline/Pipeline.php(167): App\\Http\\Middleware\\CheckAccountStatus->handle()
#17 /var/www/html/app/Http/Middleware/AuthenticateApiWeb.php(24): Illuminate\\Pipeline\\Pipeline->Illuminate\\Pipeline\\{closure}()
#18 /var/www/html/vendor/laravel/framework/src/Illuminate/Pipeline/Pipeline.php(167): App\\Http\\Middleware\\AuthenticateApiWeb->handle()
#19 /var/www/html/vendor/laravel/framework/src/Illuminate/Routing/Middleware/SubstituteBindings.php(50): Illuminate\\Pipeline\\Pipeline->Illuminate\\Pipeline\\{closure}()
#20 /var/www/html/vendor/laravel/framework/src/Illuminate/Pipeline/Pipeline.php(167): Illuminate\\Routing\\Middleware\\SubstituteBindings->handle()
#21 /var/www/html/app/Http/Middleware/VerifyCsrfToken.php(32): Illuminate\\Pipeline\\Pipeline->Illuminate\\Pipeline\\{closure}()
#22 /var/www/html/vendor/laravel/framework/src/Illuminate/Pipeline/Pipeline.php(167): App\\Http\\Middleware\\VerifyCsrfToken->handle()
#23 /var/www/html/vendor/laravel/framework/src/Illuminate/View/Middleware/ShareErrorsFromSession.php(49): Illuminate\\Pipeline\\Pipeline->Illuminate\\Pipeline\\{closure}()
#24 /var/www/html/vendor/laravel/framework/src/Illuminate/Pipeline/Pipeline.php(167): Illuminate\\View\\Middleware\\ShareErrorsFromSession->handle()
#25 /var/www/html/vendor/laravel/framework/src/Illuminate/Session/Middleware/StartSession.php(121): Illuminate\\Pipeline\\Pipeline->Illuminate\\Pipeline\\{closure}()
#26 /var/www/html/vendor/laravel/framework/src/Illuminate/Session/Middleware/StartSession.php(64): Illuminate\\Session\\Middleware\\StartSession->handleStatefulRequest()
#27 /var/www/html/vendor/laravel/framework/src/Illuminate/Pipeline/Pipeline.php(167): Illuminate\\Session\\Middleware\\StartSession->handle()
#28 /var/www/html/vendor/laravel/framework/src/Illuminate/Cookie/Middleware/AddQueuedCookiesToResponse.php(37): Illuminate\\Pipeline\\Pipeline->Illuminate\\Pipeline\\{closure}()
#29 /var/www/html/vendor/laravel/framework/src/Illuminate/Pipeline/Pipeline.php(167): Illuminate\\Cookie\\Middleware\\AddQueuedCookiesToResponse->handle()
#30 /var/www/html/vendor/laravel/framework/src/Illuminate/Cookie/Middleware/EncryptCookies.php(67): Illuminate\\Pipeline\\Pipeline->Illuminate\\Pipeline\\{closure}()
#31 /var/www/html/vendor/laravel/framework/src/Illuminate/Pipeline/Pipeline.php(167): Illuminate\\Cookie\\Middleware\\EncryptCookies->handle()
#32 /var/www/html/vendor/laravel/framework/src/Illuminate/Pipeline/Pipeline.php(103): Illuminate\\Pipeline\\Pipeline->Illuminate\\Pipeline\\{closure}()
#33 /var/www/html/vendor/laravel/framework/src/Illuminate/Routing/Router.php(723): Illuminate\\Pipeline\\Pipeline->then()
#34 /var/www/html/vendor/laravel/framework/src/Illuminate/Routing/Router.php(698): Illuminate\\Routing\\Router->runRouteWithinStack()
#35 /var/www/html/vendor/laravel/framework/src/Illuminate/Routing/Router.php(662): Illuminate\\Routing\\Router->runRoute()
#36 /var/www/html/vendor/laravel/framework/src/Illuminate/Routing/Router.php(651): Illuminate\\Routing\\Router->dispatchToRoute()
#37 /var/www/html/vendor/laravel/framework/src/Illuminate/Foundation/Http/Kernel.php(167): Illuminate\\Routing\\Router->dispatch()
#38 /var/www/html/vendor/laravel/framework/src/Illuminate/Pipeline/Pipeline.php(128): Illuminate\\Foundation\\Http\\Kernel->Illuminate\\Foundation\\Http\\{closure}()
#39 /var/www/html/vendor/laravel/framework/src/Illuminate/Foundation/Http/Middleware/TransformsRequest.php(21): Illuminate\\Pipeline\\Pipeline->Illuminate\\Pipeline\\{closure}()
#40 /var/www/html/vendor/laravel/framework/src/Illuminate/Foundation/Http/Middleware/ConvertEmptyStringsToNull.php(31): Illuminate\\Foundation\\Http\\Middleware\\TransformsRequest->handle()
#41 /var/www/html/vendor/laravel/framework/src/Illuminate/Pipeline/Pipeline.php(167): Illuminate\\Foundation\\Http\\Middleware\\ConvertEmptyStringsToNull->handle()
#42 /var/www/html/vendor/laravel/framework/src/Illuminate/Foundation/Http/Middleware/TransformsRequest.php(21): Illuminate\\Pipeline\\Pipeline->Illuminate\\Pipeline\\{closure}()
#43 /var/www/html/vendor/laravel/framework/src/Illuminate/Foundation/Http/Middleware/TrimStrings.php(40): Illuminate\\Foundation\\Http\\Middleware\\TransformsRequest->handle()
#44 /var/www/html/vendor/laravel/framework/src/Illuminate/Pipeline/Pipeline.php(167): Illuminate\\Foundation\\Http\\Middleware\\TrimStrings->handle()
#45 /var/www/html/vendor/laravel/framework/src/Illuminate/Foundation/Http/Middleware/ValidatePostSize.php(27): Illuminate\\Pipeline\\Pipeline->Illuminate\\Pipeline\\{closure}()
#46 /var/www/html/vendor/laravel/framework/src/Illuminate/Pipeline/Pipeline.php(167): Illuminate\\Foundation\\Http\\Middleware\\ValidatePostSize->handle()
#47 /var/www/html/vendor/laravel/framework/src/Illuminate/Foundation/Http/Middleware/PreventRequestsDuringMaintenance.php(86): Illuminate\\Pipeline\\Pipeline->Illuminate\\Pipeline\\{closure}()
#48 /var/www/html/vendor/laravel/framework/src/Illuminate/Pipeline/Pipeline.php(167): Illuminate\\Foundation\\Http\\Middleware\\PreventRequestsDuringMaintenance->handle()
#49 /var/www/html/vendor/fruitcake/laravel-cors/src/HandleCors.php(38): Illuminate\\Pipeline\\Pipeline->Illuminate\\Pipeline\\{closure}()
#50 /var/www/html/vendor/laravel/framework/src/Illuminate/Pipeline/Pipeline.php(167): Fruitcake\\Cors\\HandleCors->handle()
#51 /var/www/html/vendor/laravel/framework/src/Illuminate/Http/Middleware/TrustProxies.php(39): Illuminate\\Pipeline\\Pipeline->Illuminate\\Pipeline\\{closure}()
#52 /var/www/html/vendor/laravel/framework/src/Illuminate/Pipeline/Pipeline.php(167): Illuminate\\Http\\Middleware\\TrustProxies->handle()
#53 /var/www/html/vendor/laravel/framework/src/Illuminate/Pipeline/Pipeline.php(103): Illuminate\\Pipeline\\Pipeline->Illuminate\\Pipeline\\{closure}()
#54 /var/www/html/vendor/laravel/framework/src/Illuminate/Foundation/Http/Kernel.php(142): Illuminate\\Pipeline\\Pipeline->then()
#55 /var/www/html/vendor/laravel/framework/src/Illuminate/Foundation/Http/Kernel.php(111): Illuminate\\Foundation\\Http\\Kernel->sendRequestThroughRouter()
#56 /var/www/html/public/index.php(52): Illuminate\\Foundation\\Http\\Kernel->handle()
#57 {main}

[previous exception] [object] (ErrorException(code: 0): Undefined array key \"consultantarrived\" at /var/www/html/storage/framework/views/0b8a38b3b51db178309b49004bdf8e5d66e82d30.php:113)
[stacktrace]
#0 /var/www/html/storage/framework/views/0b8a38b3b51db178309b49004bdf8e5d66e82d30.php(113): Illuminate\\Foundation\\Bootstrap\\HandleExceptions->handleError()
#1 /var/www/html/vendor/laravel/framework/src/Illuminate/Filesystem/Filesystem.php(107): require('...')
#2 /var/www/html/vendor/laravel/framework/src/Illuminate/Filesystem/Filesystem.php(108): Illuminate\\Filesystem\\Filesystem::Illuminate\\Filesystem\\{closure}()
#3 /var/www/html/vendor/laravel/framework/src/Illuminate/View/Engines/PhpEngine.php(58): Illuminate\\Filesystem\\Filesystem->getRequire()
#4 /var/www/html/vendor/laravel/framework/src/Illuminate/View/Engines/CompilerEngine.php(61): Illuminate\\View\\Engines\\PhpEngine->evaluatePath()
#5 /var/www/html/vendor/facade/ignition/src/Views/Engines/CompilerEngine.php(37): Illuminate\\View\\Engines\\CompilerEngine->get()
#6 /var/www/html/vendor/laravel/framework/src/Illuminate/View/View.php(139): Facade\\Ignition\\Views\\Engines\\CompilerEngine->get()
#7 /var/www/html/vendor/laravel/framework/src/Illuminate/View/View.php(122): Illuminate\\View\\View->getContents()
#8 /var/www/html/vendor/laravel/framework/src/Illuminate/View/View.php(91): Illuminate\\View\\View->renderContents()
#9 /var/www/html/vendor/laravel/framework/src/Illuminate/Http/Response.php(69): Illuminate\\View\\View->render()
#10 /var/www/html/vendor/laravel/framework/src/Illuminate/Http/Response.php(35): Illuminate\\Http\\Response->setContent()
#11 /var/www/html/vendor/laravel/framework/src/Illuminate/Routing/Router.php(820): Illuminate\\Http\\Response->__construct()
#12 /var/www/html/vendor/laravel/framework/src/Illuminate/Routing/Router.php(789): Illuminate\\Routing\\Router::toResponse()
#13 /var/www/html/vendor/laravel/framework/src/Illuminate/Routing/Router.php(721): Illuminate\\Routing\\Router->prepareResponse()
#14 /var/www/html/vendor/laravel/framework/src/Illuminate/Pipeline/Pipeline.php(128): Illuminate\\Routing\\Router->Illuminate\\Routing\\{closure}()
#15 /var/www/html/app/Http/Middleware/CheckAccountStatus.php(20): Illuminate\\Pipeline\\Pipeline->Illuminate\\Pipeline\\{closure}()
#16 /var/www/html/vendor/laravel/framework/src/Illuminate/Pipeline/Pipeline.php(167): App\\Http\\Middleware\\CheckAccountStatus->handle()
#17 /var/www/html/app/Http/Middleware/AuthenticateApiWeb.php(24): Illuminate\\Pipeline\\Pipeline->Illuminate\\Pipeline\\{closure}()
#18 /var/www/html/vendor/laravel/framework/src/Illuminate/Pipeline/Pipeline.php(167): App\\Http\\Middleware\\AuthenticateApiWeb->handle()
#19 /var/www/html/vendor/laravel/framework/src/Illuminate/Routing/Middleware/SubstituteBindings.php(50): Illuminate\\Pipeline\\Pipeline->Illuminate\\Pipeline\\{closure}()
#20 /var/www/html/vendor/laravel/framework/src/Illuminate/Pipeline/Pipeline.php(167): Illuminate\\Routing\\Middleware\\SubstituteBindings->handle()
#21 /var/www/html/app/Http/Middleware/VerifyCsrfToken.php(32): Illuminate\\Pipeline\\Pipeline->Illuminate\\Pipeline\\{closure}()
#22 /var/www/html/vendor/laravel/framework/src/Illuminate/Pipeline/Pipeline.php(167): App\\Http\\Middleware\\VerifyCsrfToken->handle()
#23 /var/www/html/vendor/laravel/framework/src/Illuminate/View/Middleware/ShareErrorsFromSession.php(49): Illuminate\\Pipeline\\Pipeline->Illuminate\\Pipeline\\{closure}()
#24 /var/www/html/vendor/laravel/framework/src/Illuminate/Pipeline/Pipeline.php(167): Illuminate\\View\\Middleware\\ShareErrorsFromSession->handle()
#25 /var/www/html/vendor/laravel/framework/src/Illuminate/Session/Middleware/StartSession.php(121): Illuminate\\Pipeline\\Pipeline->Illuminate\\Pipeline\\{closure}()
#26 /var/www/html/vendor/laravel/framework/src/Illuminate/Session/Middleware/StartSession.php(64): Illuminate\\Session\\Middleware\\StartSession->handleStatefulRequest()
#27 /var/www/html/vendor/laravel/framework/src/Illuminate/Pipeline/Pipeline.php(167): Illuminate\\Session\\Middleware\\StartSession->handle()
#28 /var/www/html/vendor/laravel/framework/src/Illuminate/Cookie/Middleware/AddQueuedCookiesToResponse.php(37): Illuminate\\Pipeline\\Pipeline->Illuminate\\Pipeline\\{closure}()
#29 /var/www/html/vendor/laravel/framework/src/Illuminate/Pipeline/Pipeline.php(167): Illuminate\\Cookie\\Middleware\\AddQueuedCookiesToResponse->handle()
#30 /var/www/html/vendor/laravel/framework/src/Illuminate/Cookie/Middleware/EncryptCookies.php(67): Illuminate\\Pipeline\\Pipeline->Illuminate\\Pipeline\\{closure}()
#31 /var/www/html/vendor/laravel/framework/src/Illuminate/Pipeline/Pipeline.php(167): Illuminate\\Cookie\\Middleware\\EncryptCookies->handle()
#32 /var/www/html/vendor/laravel/framework/src/Illuminate/Pipeline/Pipeline.php(103): Illuminate\\Pipeline\\Pipeline->Illuminate\\Pipeline\\{closure}()
#33 /var/www/html/vendor/laravel/framework/src/Illuminate/Routing/Router.php(723): Illuminate\\Pipeline\\Pipeline->then()
#34 /var/www/html/vendor/laravel/framework/src/Illuminate/Routing/Router.php(698): Illuminate\\Routing\\Router->runRouteWithinStack()
#35 /var/www/html/vendor/laravel/framework/src/Illuminate/Routing/Router.php(662): Illuminate\\Routing\\Router->runRoute()
#36 /var/www/html/vendor/laravel/framework/src/Illuminate/Routing/Router.php(651): Illuminate\\Routing\\Router->dispatchToRoute()
#37 /var/www/html/vendor/laravel/framework/src/Illuminate/Foundation/Http/Kernel.php(167): Illuminate\\Routing\\Router->dispatch()
#38 /var/www/html/vendor/laravel/framework/src/Illuminate/Pipeline/Pipeline.php(128): Illuminate\\Foundation\\Http\\Kernel->Illuminate\\Foundation\\Http\\{closure}()
#39 /var/www/html/vendor/laravel/framework/src/Illuminate/Foundation/Http/Middleware/TransformsRequest.php(21): Illuminate\\Pipeline\\Pipeline->Illuminate\\Pipeline\\{closure}()
#40 /var/www/html/vendor/laravel/framework/src/Illuminate/Foundation/Http/Middleware/ConvertEmptyStringsToNull.php(31): Illuminate\\Foundation\\Http\\Middleware\\TransformsRequest->handle()
#41 /var/www/html/vendor/laravel/framework/src/Illuminate/Pipeline/Pipeline.php(167): Illuminate\\Foundation\\Http\\Middleware\\ConvertEmptyStringsToNull->handle()
#42 /var/www/html/vendor/laravel/framework/src/Illuminate/Foundation/Http/Middleware/TransformsRequest.php(21): Illuminate\\Pipeline\\Pipeline->Illuminate\\Pipeline\\{closure}()
#43 /var/www/html/vendor/laravel/framework/src/Illuminate/Foundation/Http/Middleware/TrimStrings.php(40): Illuminate\\Foundation\\Http\\Middleware\\TransformsRequest->handle()
#44 /var/www/html/vendor/laravel/framework/src/Illuminate/Pipeline/Pipeline.php(167): Illuminate\\Foundation\\Http\\Middleware\\TrimStrings->handle()
#45 /var/www/html/vendor/laravel/framework/src/Illuminate/Foundation/Http/Middleware/ValidatePostSize.php(27): Illuminate\\Pipeline\\Pipeline->Illuminate\\Pipeline\\{closure}()
#46 /var/www/html/vendor/laravel/framework/src/Illuminate/Pipeline/Pipeline.php(167): Illuminate\\Foundation\\Http\\Middleware\\ValidatePostSize->handle()
#47 /var/www/html/vendor/laravel/framework/src/Illuminate/Foundation/Http/Middleware/PreventRequestsDuringMaintenance.php(86): Illuminate\\Pipeline\\Pipeline->Illuminate\\Pipeline\\{closure}()
#48 /var/www/html/vendor/laravel/framework/src/Illuminate/Pipeline/Pipeline.php(167): Illuminate\\Foundation\\Http\\Middleware\\PreventRequestsDuringMaintenance->handle()
#49 /var/www/html/vendor/fruitcake/laravel-cors/src/HandleCors.php(38): Illuminate\\Pipeline\\Pipeline->Illuminate\\Pipeline\\{closure}()
#50 /var/www/html/vendor/laravel/framework/src/Illuminate/Pipeline/Pipeline.php(167): Fruitcake\\Cors\\HandleCors->handle()
#51 /var/www/html/vendor/laravel/framework/src/Illuminate/Http/Middleware/TrustProxies.php(39): Illuminate\\Pipeline\\Pipeline->Illuminate\\Pipeline\\{closure}()
#52 /var/www/html/vendor/laravel/framework/src/Illuminate/Pipeline/Pipeline.php(167): Illuminate\\Http\\Middleware\\TrustProxies->handle()
#53 /var/www/html/vendor/laravel/framework/src/Illuminate/Pipeline/Pipeline.php(103): Illuminate\\Pipeline\\Pipeline->Illuminate\\Pipeline\\{closure}()
#54 /var/www/html/vendor/laravel/framework/src/Illuminate/Foundation/Http/Kernel.php(142): Illuminate\\Pipeline\\Pipeline->then()
#55 /var/www/html/vendor/laravel/framework/src/Illuminate/Foundation/Http/Kernel.php(111): Illuminate\\Foundation\\Http\\Kernel->sendRequestThroughRouter()
#56 /var/www/html/public/index.php(52): Illuminate\\Foundation\\Http\\Kernel->handle()
#57 {main}
"} 
